21:56:59 === autonomous session start ===
21:56:59 --- day [2, 2, 1] | gold 3950 ---
21:56:59   ending turn
21:57:02 --- day [3, 2, 1] | gold 5950 ---
21:57:04   best town not available; revealing map
21:57:11   best town not available; revealing map
21:57:18   best town not available; revealing map
21:57:25   best town not available; revealing map
21:57:41 === autonomous session start ===
21:57:45 --- day [3, 2, 1] | gold 5950 ---
21:57:46   best town not available; revealing map
21:57:53   best town not available; revealing map
21:58:00   best town not available; revealing map
21:58:07   best town not available; revealing map
21:58:14   best town not available; revealing map
21:58:21   best town not available; revealing map
21:58:29   best town not available; revealing map
21:58:37   best town not available; revealing map
21:58:42 === autonomous session start ===
21:58:43 --- day [3, 2, 1] | gold 5950 ---
21:58:43   nothing reachable here; probing the map once
21:58:48   nothing reachable here; probing the map once
21:58:52   nothing reachable here; probing the map once
